18 C HID
38 C HIE
47 C HIE
110 C HIE
117 C HIE
130 C HIE
183 C HIE
184 C HIE
295 C HIE
298 C HIE
25 D HID
26 D HIE
111 D HIE
142 D HID
95 I HID
172 I HIE
212 I HIE
198 M HID
194 M CYX
52 C CYX
22 I CYX
23 M CYX
76 C CYX
139 A CYX
52 A CYX
134 L CYX
208 H CYX
142 I CYX
97 A CYX
142 H CYX
14 C CYX
14 A CYX
194 L CYX
134 M CYX
97 C CYX
88 M CYX
76 A CYX
139 C CYX
281 C CYX
88 L CYX
23 L CYX
281 A CYX
277 A CYX
137 D CYX
144 B CYX
64 C CYX
148 B CYX
305 A CYX
92 H CYX
92 I CYX
22 H CYX
208 I CYX
277 C CYX
64 A CYX
305 C CYX
137 B CYX
148 D CYX
144 D CYX
