LYS 361,TYR 598,172
HID  10,PHE 551,10
ASP  33,PHE 571,20
ILE 368,ILE 550,300
THR 364,TYR 598,55
TRP 344,ILE 550,309
THR 372,PHE 525,210
ILE 368,PRO 549,60
ILE 368,PHE 551,168
HIE  30,ILE 550,43
ASN 376,PRO 524,10
ASP 342,TYR 598,606
GLN 365,GLY 597,57
PRO 292,PRO 524,3
MET 291,PHE 571,102
ILE  34,PHE 571,183
GLN 365,SER 527,458
ILE 379,PHE 525,73
THR 372,SER 527,132
VAL 341,PHE 551,27
VAL 341,THR 553,1
PRO 292,PHE 525,2
SER 290,ASP 569,511
VAL 371,ILE 550,38
ASP 369,SER 527,706
ILE 368,TYR 598,150
ILE 379,PRO 524,145
GLY 343,PHE 551,12
ASP 342,GLN 599,280
VAL 375,PHE 525,47
THR 372,ARG 526,57
GLN  32,PHE 525,44
GLY 343,TYR 598,37
THR 317,ILE 550,176
SER 290,ALA 572,215
ILE 368,SER 527,351
VAL 375,PHE 571,9
THR 372,ILE 550,3
HIE  30,PHE 551,97
GLN 365,TYR 598,745
TRP 344,PHE 551,7
GLN  32,ASP 570,195
LYS 361,ARG 601,2
THR 364,PHE 551,3
ASN 376,GLY 523,136
GLN 365,MET 596,11
PRO 292,PHE 571,162
ASN 376,PHE 525,1151
ILE 379,PHE 571,165
SER 290,PHE 571,224
ILE  34,PHE 525,7
LYS 361,GLN 599,178
GLN 365,GLN 599,3
GLN  32,PHE 571,134
